Archive member included because of file (symbol)

c:/program files (x86)/gnu tools arm embedded/4.9 2014q4/bin/../lib/gcc/arm-none-eabi/4.9.3/../../../../arm-none-eabi/lib/armv7-m\libg.a(lib_a-atoi.o)
                              ..\obj\main.o (atoi)
c:/program files (x86)/gnu tools arm embedded/4.9 2014q4/bin/../lib/gcc/arm-none-eabi/4.9.3/../../../../arm-none-eabi/lib/armv7-m\libg.a(lib_a-memset.o)
                              ..\obj\main.o (memset)
c:/program files (x86)/gnu tools arm embedded/4.9 2014q4/bin/../lib/gcc/arm-none-eabi/4.9.3/../../../../arm-none-eabi/lib/armv7-m\libg.a(lib_a-sprintf.o)
                              ..\obj\main.o (sprintf)
c:/program files (x86)/gnu tools arm embedded/4.9 2014q4/bin/../lib/gcc/arm-none-eabi/4.9.3/../../../../arm-none-eabi/lib/armv7-m\libg.a(lib_a-strcpy.o)
                              ..\obj\main.o (strcpy)
c:/program files (x86)/gnu tools arm embedded/4.9 2014q4/bin/../lib/gcc/arm-none-eabi/4.9.3/../../../../arm-none-eabi/lib/armv7-m\libg.a(lib_a-strlen.o)
                              ..\obj\main.o (strlen)
c:/program files (x86)/gnu tools arm embedded/4.9 2014q4/bin/../lib/gcc/arm-none-eabi/4.9.3/../../../../arm-none-eabi/lib/armv7-m\libg.a(lib_a-strncpy.o)
                              ..\obj\main.o (strncpy)
c:/program files (x86)/gnu tools arm embedded/4.9 2014q4/bin/../lib/gcc/arm-none-eabi/4.9.3/../../../../arm-none-eabi/lib/armv7-m\libg.a(lib_a-strtol.o)
                              c:/program files (x86)/gnu tools arm embedded/4.9 2014q4/bin/../lib/gcc/arm-none-eabi/4.9.3/../../../../arm-none-eabi/lib/armv7-m\libg.a(lib_a-atoi.o) (_strtol_r)
c:/program files (x86)/gnu tools arm embedded/4.9 2014q4/bin/../lib/gcc/arm-none-eabi/4.9.3/../../../../arm-none-eabi/lib/armv7-m\libg.a(lib_a-svfprintf.o)
                              c:/program files (x86)/gnu tools arm embedded/4.9 2014q4/bin/../lib/gcc/arm-none-eabi/4.9.3/../../../../arm-none-eabi/lib/armv7-m\libg.a(lib_a-sprintf.o) (_svfprintf_r)
c:/program files (x86)/gnu tools arm embedded/4.9 2014q4/bin/../lib/gcc/arm-none-eabi/4.9.3/../../../../arm-none-eabi/lib/armv7-m\libg.a(lib_a-ctype_.o)
                              c:/program files (x86)/gnu tools arm embedded/4.9 2014q4/bin/../lib/gcc/arm-none-eabi/4.9.3/../../../../arm-none-eabi/lib/armv7-m\libg.a(lib_a-strtol.o) (__ctype_ptr__)
c:/program files (x86)/gnu tools arm embedded/4.9 2014q4/bin/../lib/gcc/arm-none-eabi/4.9.3/../../../../arm-none-eabi/lib/armv7-m\libg.a(lib_a-dtoa.o)
                              c:/program files (x86)/gnu tools arm embedded/4.9 2014q4/bin/../lib/gcc/arm-none-eabi/4.9.3/../../../../arm-none-eabi/lib/armv7-m\libg.a(lib_a-svfprintf.o) (_dtoa_r)
c:/program files (x86)/gnu tools arm embedded/4.9 2014q4/bin/../lib/gcc/arm-none-eabi/4.9.3/../../../../arm-none-eabi/lib/armv7-m\libg.a(lib_a-impure.o)
                              c:/program files (x86)/gnu tools arm embedded/4.9 2014q4/bin/../lib/gcc/arm-none-eabi/4.9.3/../../../../arm-none-eabi/lib/armv7-m\libg.a(lib_a-sprintf.o) (_impure_ptr)
c:/program files (x86)/gnu tools arm embedded/4.9 2014q4/bin/../lib/gcc/arm-none-eabi/4.9.3/../../../../arm-none-eabi/lib/armv7-m\libg.a(lib_a-locale.o)
                              c:/program files (x86)/gnu tools arm embedded/4.9 2014q4/bin/../lib/gcc/arm-none-eabi/4.9.3/../../../../arm-none-eabi/lib/armv7-m\libg.a(lib_a-svfprintf.o) (_localeconv_r)
c:/program files (x86)/gnu tools arm embedded/4.9 2014q4/bin/../lib/gcc/arm-none-eabi/4.9.3/../../../../arm-none-eabi/lib/armv7-m\libg.a(lib_a-mallocr.o)
                              c:/program files (x86)/gnu tools arm embedded/4.9 2014q4/bin/../lib/gcc/arm-none-eabi/4.9.3/../../../../arm-none-eabi/lib/armv7-m\libg.a(lib_a-svfprintf.o) (_malloc_r)
c:/program files (x86)/gnu tools arm embedded/4.9 2014q4/bin/../lib/gcc/arm-none-eabi/4.9.3/../../../../arm-none-eabi/lib/armv7-m\libg.a(lib_a-memchr.o)
                              c:/program files (x86)/gnu tools arm embedded/4.9 2014q4/bin/../lib/gcc/arm-none-eabi/4.9.3/../../../../arm-none-eabi/lib/armv7-m\libg.a(lib_a-svfprintf.o) (memchr)
c:/program files (x86)/gnu tools arm embedded/4.9 2014q4/bin/../lib/gcc/arm-none-eabi/4.9.3/../../../../arm-none-eabi/lib/armv7-m\libg.a(lib_a-memcpy.o)
                              c:/program files (x86)/gnu tools arm embedded/4.9 2014q4/bin/../lib/gcc/arm-none-eabi/4.9.3/../../../../arm-none-eabi/lib/armv7-m\libg.a(lib_a-dtoa.o) (memcpy)
c:/program files (x86)/gnu tools arm embedded/4.9 2014q4/bin/../lib/gcc/arm-none-eabi/4.9.3/../../../../arm-none-eabi/lib/armv7-m\libg.a(lib_a-mlock.o)
                              c:/program files (x86)/gnu tools arm embedded/4.9 2014q4/bin/../lib/gcc/arm-none-eabi/4.9.3/../../../../arm-none-eabi/lib/armv7-m\libg.a(lib_a-mallocr.o) (__malloc_lock)
c:/program files (x86)/gnu tools arm embedded/4.9 2014q4/bin/../lib/gcc/arm-none-eabi/4.9.3/../../../../arm-none-eabi/lib/armv7-m\libg.a(lib_a-mprec.o)
[...]
Memory Configuration

Name             Origin             Length             Attributes
rom              0x08000000         0x00020000         xr
ram              0x20000000         0x00005000         xrw
*default*        0x00000000         0xffffffff

Linker script and memory map

                0x20005000                _eram = 0x20005000

.text           0x08000000     0x190c
 *(.isr_vector)
 .isr_vector    0x08000000      0x10c ..\obj\startup_stm32f10x_md.o
                0x08000000                g_pfnVectors
 *(.text*)
 .text.Init_USART1
                0x0800010c       0x58 ..\obj\USART1_Config.o
                0x0800010c                Init_USART1
 .text.Init_USART1_GPIO
                0x08000164       0x40 ..\obj\USART1_Config.o
                0x08000164                Init_USART1_GPIO
 .text.Init_USART1_Interrupt
                0x080001a4       0x38 ..\obj\USART1_Config.o
                0x080001a4                Init_USART1_Interrupt
 .text.Init_USART3
                0x080001dc       0x58 ..\obj\USART3_Config.o
                0x080001dc                Init_USART3
 .text.Init_USART3_GPIO
                0x08000234       0x40 ..\obj\USART3_Config.o
                0x08000234                Init_USART3_GPIO
 .text.Init_USART3_Interrupt
                0x08000274       0x38 ..\obj\USART3_Config.o
                0x08000274                Init_USART3_Interrupt
 .text.SystemInit
                0x080002ac       0x68 ..\obj\system_stm32f10x.o
                0x080002ac                SystemInit
 .text.SetSysClock
                0x08000314        0xc ..\obj\system_stm32f10x.o
 .text.SetSysClockTo72
                0x08000320      0x100 ..\obj\system_stm32f10x.o
 .text.Default_Reset_Handler
                0x08000420       0x5c ..\obj\startup_stm32f10x_md.o
                0x08000420                Default_Reset_Handler
                0x08000420                Reset_Handler
 .text.Default_Handler
                0x0800047c        0x8 ..\obj\startup_stm32f10x_md.o
                0x0800047c                EXTI2_IRQHandler
                0x0800047c                DebugMon_Handler
                0x0800047c                TIM1_CC_IRQHandler
                0x0800047c                HardFault_Handler
                0x0800047c                SysTick_Handler
                0x0800047c                PVD_IRQHandler
                0x0800047c                PendSV_Handler
                0x0800047c                NMI_Handler
                0x0800047c                EXTI3_IRQHandler
                0x0800047c                EXTI0_IRQHandler
                0x0800047c                I2C2_EV_IRQHandler
                0x0800047c                UsageFault_Handler
                0x0800047c                ADC1_2_IRQHandler
                0x0800047c                SPI1_IRQHandler
                0x0800047c                TAMPER_IRQHandler
                0x0800047c                DMA1_Channel4_IRQHandler
                0x0800047c                RTC_IRQHandler
                0x0800047c                DMA1_Channel7_IRQHandler
                0x0800047c                CAN1_RX1_IRQHandler
                0x0800047c                TIM4_IRQHandler
                0x0800047c                I2C1_EV_IRQHandler
                0x0800047c                DMA1_Channel6_IRQHandler
                0x0800047c                TIM3_IRQHandler
                0x0800047c                RCC_IRQHandler
                0x0800047c                TIM1_TRG_COM_IRQHandler
                0x0800047c                DMA1_Channel1_IRQHandler
                0x0800047c                EXTI9_5_IRQHandler
                0x0800047c                SPI2_IRQHandler
                0x0800047c                MemManage_Handler
                0x0800047c                SVC_Handler
                0x0800047c                DMA1_Channel5_IRQHandler
                0x0800047c                EXTI4_IRQHandler
                0x0800047c                USB_LP_CAN1_RX0_IRQHandler
                0x0800047c                USB_HP_CAN1_TX_IRQHandler
                0x0800047c                DMA1_Channel3_IRQHandler
                0x0800047c                TIM1_UP_IRQHandler
                0x0800047c                WWDG_IRQHandler
                0x0800047c                TIM2_IRQHandler
                0x0800047c                TIM1_BRK_IRQHandler
                0x0800047c                EXTI1_IRQHandler
                0x0800047c                RTCAlarm_IRQHandler
                0x0800047c                USART2_IRQHandler
                0x0800047c                I2C2_ER_IRQHandler
                0x0800047c                DMA1_Channel2_IRQHandler
                0x0800047c                CAN1_SCE_IRQHandler
                0x0800047c                FLASH_IRQHandler
                0x0800047c                BusFault_Handler
                0x0800047c                I2C1_ER_IRQHandler
                0x0800047c                USBWakeUp_IRQHandler
 .text.GPIO_Init
                0x08000484      0x180 ..\obj\stm32f10x_gpio.o
                0x08000484                GPIO_Init
 .text.GPIO_ReadInputDataBit
                0x08000604       0x34 ..\obj\stm32f10x_gpio.o
                0x08000604                GPIO_ReadInputDataBit
 .text.GPIO_EXTILineConfig
                0x08000638       0x84 ..\obj\stm32f10x_gpio.o
                0x08000638                GPIO_EXTILineConfig
 .text.Build_SystemCommands
                0x080006bc       0x38 ..\obj\main.o
                0x080006bc                Build_SystemCommands
 .text.Build_WifiCommands
                0x080006f4       0xb0 ..\obj\main.o
                0x080006f4                Build_WifiCommands
 .text.Commands_Init
                0x080007a4       0x10 ..\obj\main.o
                0x080007a4                Commands_Init
 .text.Wifi_SendCustomCommand
                0x080007b4       0x8c ..\obj\main.o
                0x080007b4                Wifi_SendCustomCommand
 .text.Wifi_SendCommand
                0x08000840       0x9c ..\obj\main.o
                0x08000840                Wifi_SendCommand
 .text.Wifi_Init
                0x080008dc        0xc ..\obj\main.o
                0x080008dc                Wifi_Init
 .text.main     0x080008e8      0x1b0 ..\obj\main.o
                0x080008e8                main
 .text.ConfigZeroCrossExternalInt
                0x08000a98       0x2c ..\obj\main.o
                0x08000a98                ConfigZeroCrossExternalInt
 .text.ConfigZeroCross_NVIC
                0x08000ac4       0x28 ..\obj\main.o
                0x08000ac4                ConfigZeroCross_NVIC
 .text.EXTI15_10_IRQHandler
                0x08000aec       0x7c ..\obj\main.o
                0x08000aec                EXTI15_10_IRQHandler
 .text.USART3_IRQHandler
                0x08000b68       0x54 ..\obj\main.o
                0x08000b68                USART3_IRQHandler
 .text.USART1_IRQHandler
                0x08000bbc      0x104 ..\obj\main.o
                0x08000bbc                USART1_IRQHandler
 .text.RCC_GetClocksFreq
                0x08000cc0      0x164 ..\obj\stm32f10x_rcc.o
                0x08000cc0                RCC_GetClocksFreq
 .text.RCC_APB2PeriphClockCmd
                0x08000e24       0x3c ..\obj\stm32f10x_rcc.o
                0x08000e24                RCC_APB2PeriphClockCmd
 .text.RCC_APB1PeriphClockCmd
                0x08000e60       0x3c ..\obj\stm32f10x_rcc.o
                0x08000e60                RCC_APB1PeriphClockCmd
 .text.EXTI_Init
                0x08000e9c       0xe4 ..\obj\stm32f10x_exti.o
                0x08000e9c                EXTI_Init
 .text.EXTI_ClearITPendingBit
                0x08000f80       0x1c ..\obj\stm32f10x_exti.o
                0x08000f80                EXTI_ClearITPendingBit
 .text.USART_Init
                0x08000f9c      0x174 ..\obj\stm32f10x_usart.o
                0x08000f9c                USART_Init
 .text.USART_Cmd
                0x08001110       0x40 ..\obj\stm32f10x_usart.o
                0x08001110                USART_Cmd
 .text.USART_ITConfig
                0x08001150       0x90 ..\obj\stm32f10x_usart.o
                0x08001150                USART_ITConfig
 .text.USART_SendData
                0x080011e0       0x24 ..\obj\stm32f10x_usart.o
                0x080011e0                USART_SendData
 .text.USART_ReceiveData
                0x08001204       0x20 ..\obj\stm32f10x_usart.o
                0x08001204                USART_ReceiveData
 .text.USART_GetFlagStatus
                0x08001224       0x38 ..\obj\stm32f10x_usart.o
                0x08001224                USART_GetFlagStatus
 .text.USART_GetITStatus
                0x0800125c       0xb8 ..\obj\stm32f10x_usart.o
                0x0800125c                USART_GetITStatus
 .text.USART_ClearITPendingBit
                0x08001314       0x38 ..\obj\stm32f10x_usart.o
                0x08001314                USART_ClearITPendingBit
 .text.NVIC_Init
                0x0800134c       0xc4 ..\obj\misc.o
                0x0800134c                NVIC_Init
 .text.atoi     0x08001410        0x8 c:/program files (x86)/gnu tools arm embedded/4.9 2014q4/bin/../lib/gcc/arm-none-eabi/4.9.3/../../../../arm-none-eabi/lib/armv7-m\libg.a(lib_a-atoi.o)
                0x08001410                atoi
 .text.strcpy   0x08001418       0xbc c:/program files (x86)/gnu tools arm embedded/4.9 2014q4/bin/../lib/gcc/arm-none-eabi/4.9.3/../../../../arm-none-eabi/lib/armv7-m\libg.a(lib_a-strcpy.o)
                0x08001418                strcpy
 .text.strlen   0x080014d4       0x5c c:/program files (x86)/gnu tools arm embedded/4.9 2014q4/bin/../lib/gcc/arm-none-eabi/4.9.3/../../../../arm-none-eabi/lib/armv7-m\libg.a(lib_a-strlen.o)
                0x080014d4                strlen
 .text.strncpy  0x08001530       0x68 c:/program files (x86)/gnu tools arm embedded/4.9 2014q4/bin/../lib/gcc/arm-none-eabi/4.9.3/../../../../arm-none-eabi/lib/armv7-m\libg.a(lib_a-strncpy.o)
                0x08001530                strncpy
 .text._strtol_r
                0x08001598      0x11c c:/program files (x86)/gnu tools arm embedded/4.9 2014q4/bin/../lib/gcc/arm-none-eabi/4.9.3/../../../../arm-none-eabi/lib/armv7-m\libg.a(lib_a-strtol.o)
                0x08001598                _strtol_r
 .text.strtol   0x080016b4       0x18 c:/program files (x86)/gnu tools arm embedded/4.9 2014q4/bin/../lib/gcc/arm-none-eabi/4.9.3/../../../../arm-none-eabi/lib/armv7-m\libg.a(lib_a-strtol.o)
                0x080016b4                strtol
 *(.init)
 *(.fini)
 *crtbegin.o(.ctors)
 *crtbegin?.o(.ctors)
 *(EXCLUDE_FILE(*crtend.o *crtend?.o) .ctors)
 *(SORT(.ctors.*))
 *(.ctors)
 *crtbegin.o(.dtors)
 *crtbegin?.o(.dtors)
 *(EXCLUDE_FILE(*crtend.o *crtend?.o) .dtors)
 *(SORT(.dtors.*))
 *(.dtors)
 *(.rodata*)
 .rodata        0x080016cc      0x138 ..\obj\main.o
 .rodata._ctype_
                0x08001804      0x104 c:/program files (x86)/gnu tools arm embedded/4.9 2014q4/bin/../lib/gcc/arm-none-eabi/4.9.3/../../../../arm-none-eabi/lib/armv7-m\libg.a(lib_a-ctype_.o)
                0x08001804                _ctype_
 .rodata.str1.4
                0x08001908        0x4 c:/program files (x86)/gnu tools arm embedded/4.9 2014q4/bin/../lib/gcc/arm-none-eabi/4.9.3/../../../../arm-none-eabi/lib/armv7-m\libg.a(lib_a-impure.o)
 *(.eh_fram e*)

.glue_7         0x0800190c        0x0
 .glue_7        0x00000000        0x0 linker stubs

.glue_7t        0x0800190c        0x0
 .glue_7t       0x00000000        0x0 linker stubs

.vfp11_veneer   0x0800190c        0x0
 .vfp11_veneer  0x00000000        0x0 linker stubs

.v4_bx          0x0800190c        0x0
 .v4_bx         0x00000000        0x0 linker stubs

.iplt           0x0800190c        0x0
 .iplt          0x00000000        0x0 ..\obj\stm32f10x_rtc.o

.rel.dyn        0x0800190c        0x0
 .rel.iplt      0x00000000        0x0 ..\obj\stm32f10x_rtc.o

.ARM.extab
 *(.ARM.extab* .gnu.linkonce.armextab.*)
                0x0800190c                __exidx_start = .

.ARM.exidx
 *(.ARM.exidx* .gnu.linkonce.armexidx.*)
                0x0800190c                __exidx_end = .
                0x0800190c                __etext = .
                0x0800190c                _sidata = __etext

.data           0x20000000      0x454 load address 0x0800190c
                0x20000000                __data_start__ = .
                0x20000000                _sdata = __data_start__
 *(vtable)
 *(.data*)
 .data          0x20000000       0x10 ..\obj\main.o
                0x20000000                testProto
                0x20000004                testIP
                0x20000008                testPort
                0x2000000c                WIFI_CMD_RECEIVE_COMPLETE
 .data          0x20000010       0x14 ..\obj\stm32f10x_rcc.o
 .data.__ctype_ptr__
                0x20000024        0x4 c:/program files (x86)/gnu tools arm embedded/4.9 2014q4/bin/../lib/gcc/arm-none-eabi/4.9.3/../../../../arm-none-eabi/lib/armv7-m\libg.a(lib_a-ctype_.o)
                0x20000024                __ctype_ptr__
 .data.impure_data
                0x20000028      0x428 c:/program files (x86)/gnu tools arm embedded/4.9 2014q4/bin/../lib/gcc/arm-none-eabi/4.9.3/../../../../arm-none-eabi/lib/armv7-m\libg.a(lib_a-impure.o)
 .data._impure_ptr
                0x20000450        0x4 c:/program files (x86)/gnu tools arm embedded/4.9 2014q4/bin/../lib/gcc/arm-none-eabi/4.9.3/../../../../arm-none-eabi/lib/armv7-m\libg.a(lib_a-impure.o)
                0x20000450                _impure_ptr
                0x20000454                . = ALIGN (0x4)
                0x20000454                PROVIDE (__preinit_array_start, .)
 *(.preinit_array)
                0x20000454                PROVIDE (__preinit_array_end, .)
                0x20000454                . = ALIGN (0x4)
                0x20000454                PROVIDE (__init_array_start, .)
 *(SORT(.init_array.*))
 *(.init_array)
                0x20000454                PROVIDE (__init_array_end, .)
                0x20000454                . = ALIGN (0x4)
                0x20000454                PROVIDE (__fini_array_start, .)
 *(SORT(.fini_array.*))
 *(.fini_array)
                0x20000454                PROVIDE (__fini_array_end, .)
 *(.jcr*)
                0x20000454                . = ALIGN (0x4)
                0x20000454                __data_end__ = .
                0x20000454                _edata = __data_end__

.igot.plt       0x20000454        0x0 load address 0x08001d60
 .igot.plt      0x00000000        0x0 ..\obj\stm32f10x_rtc.o

.bss            0x20000454      0x734 load address 0x08001d60
                0x20000454                . = ALIGN (0x4)
                0x20000454                __bss_start__ = .
                0x20000454                _sbss = __bss_start__
 *(.bss*)
 .bss           0x20000454        0x7 ..\obj\main.o
                0x20000454                outgoingConnections
                0x20000455                CMD_Incomming_InProgress
                0x20000456                TxCounter
                0x20000457                RxCounter
                0x20000458                USART1_RxCounter
                0x20000459                newCommandWaiting
                0x2000045a                Command_To_Redirect
 *(COMMON)
 *fill*         0x2000045b        0x1 
 COMMON         0x2000045c       0x18 ..\obj\USART1_Config.o
                0x2000045c                USART1_Config
                0x2000046c                USART1_Interrupt_Config
                0x20000470                GPIOA_Config_USART1
 COMMON         0x20000474       0x18 ..\obj\USART3_Config.o
                0x20000474                GPIOB_Config_USART3
                0x20000478                USART3_Config
                0x20000488                USART3_Interrupt_Config
 COMMON         0x2000048c      0x6fc ..\obj\main.o
                0x2000048c                USART3_TxBuffer
                0x20000498                byteToCommand
                0x2000049c                SystemCommandsArray
                0x200004ac                Button_Config
                0x200004b0                CMD_FULL_Incomming
                0x200004c0                ATCommandsArray
                0x20000500                i
                0x20000504                USART3_RxBuffer
                0x20000824                USART1_RxBuffer
                0x20000b44                External_LED_Config
                0x20000b48                ZeroCross_VectorPrior
                0x20000b4c                ZeroCross_Interrupt
                0x20000b54                parsedCommand
                0x20000b60                dimmingValue
                0x20000b64                CMD_FULL_ResponseBuffer
                0x20000b80                ZeroCross_Config
                0x20000b84                POWER_LED_Config
                0x20000b88                . = ALIGN (0x4)
                0x20000b88                __bss_end__ = .
                0x20000b88                _ebss = __bss_end__

.heap           0x20000b88        0x0
                0x20000b88                __end__ = .
                0x20000b88                _end = __end__
                0x20000b88                end = __end__
 *(.heap*)
                0x20000b88                __HeapLimit = .

.co_stack       0x20000b88      0x400 load address 0x08002494
                0x20000b88                . = ALIGN (0x8)
 *(.co_stack .co_stack.*)
 .co_stack      0x20000b88      0x400 ..\obj\startup_stm32f10x_md.o
                0x20000b88                pulStack
                0x20005000                __StackTop = (ORIGIN (ram) + 0x5000)
                0x20004c00                __StackLimit = (__StackTop - SIZEOF (.co_stack))
                0x20005000                PROVIDE (__stack, __StackTop)
                0x00000001                ASSERT ((__StackLimit >= __HeapLimit), region ram  overflowed with stack)
LOAD ..\obj\stm32f10x_rtc.o
LOAD ..\obj\stm32f10x_tim.o
LOAD ..\obj\USART1_Config.o
LOAD ..\obj\USART3_Config.o
LOAD ..\obj\stm32f10x_dbgmcu.o
LOAD ..\obj\system_stm32f10x.o
LOAD ..\obj\stm32f10x_fsmc.o
LOAD ..\obj\startup_stm32f10x_md.o
LOAD ..\obj\stm32f10x_pwr.o
LOAD ..\obj\stm32f10x_can.o
LOAD ..\obj\stm32f10x_gpio.o
LOAD ..\obj\stm32f10x_dac.o
LOAD ..\obj\main.o
LOAD ..\obj\stm32f10x_crc.o
LOAD ..\obj\stm32f10x_rcc.o
LOAD ..\obj\stm32f10x_exti.o
LOAD ..\obj\stm32f10x_adc.o
LOAD ..\obj\stm32f10x_usart.o
LOAD ..\obj\stm32f10x_flash.o
LOAD ..\obj\stm32f10x_cec.o
LOAD ..\obj\stm32f10x_sdio.o
LOAD ..\obj\stm32f10x_dma.o
LOAD ..\obj\misc.o
LOAD ..\obj\stm32f10x_wwdg.o
LOAD ..\obj\stm32f10x_spi.o
LOAD ..\obj\stm32f10x_i2c.o
LOAD ..\obj\stm32f10x_bkp.o
LOAD ..\obj\stm32f10x_iwdg.o
START GROUP
LOAD c:/program files (x86)/gnu tools arm embedded/4.9 2014q4/bin/../lib/gcc/arm-none-eabi/4.9.3/armv7-m\libgcc.a
LOAD c:/program files (x86)/gnu tools arm embedded/4.9 2014q4/bin/../lib/gcc/arm-none-eabi/4.9.3/../../../../arm-none-eabi/lib/armv7-m\libg.a
LOAD c:/program files (x86)/gnu tools arm embedded/4.9 2014q4/bin/../lib/gcc/arm-none-eabi/4.9.3/../../../../arm-none-eabi/lib/armv7-m\libc.a
END GROUP
OUTPUT(Wifi_Dimmer.elf elf32-littlearm)

.debug_info     0x00000000     0x3d83
 .debug_info    0x00000000      0x559 ..\obj\USART1_Config.o
 .debug_info    0x00000559      0x5d3 ..\obj\USART3_Config.o
 .debug_info    0x00000b2c      0x479 ..\obj\system_stm32f10x.o
 .debug_info    0x00000fa5       0xe9 ..\obj\startup_stm32f10x_md.o
 .debug_info    0x0000108e      0x6e7 ..\obj\stm32f10x_gpio.o
 .debug_info    0x00001775      0xb1b ..\obj\main.o
 .debug_info    0x00002290      0x88d ..\obj\stm32f10x_rcc.o
 .debug_info    0x00002b1d      0x341 ..\obj\stm32f10x_exti.o
 .debug_info    0x00002e5e      0x9e8 ..\obj\stm32f10x_usart.o
 .debug_info    0x00003846      0x53d ..\obj\misc.o

.debug_abbrev   0x00000000      0xe2d
 .debug_abbrev  0x00000000      0x123 ..\obj\USART1_Config.o
 .debug_abbrev  0x00000123      0x172 ..\obj\USART3_Config.o
 .debug_abbrev  0x00000295      0x14c ..\obj\system_stm32f10x.o
 .debug_abbrev  0x000003e1       0xa7 ..\obj\startup_stm32f10x_md.o
 .debug_abbrev  0x00000488      0x1c8 ..\obj\stm32f10x_gpio.o
 .debug_abbrev  0x00000650      0x22b ..\obj\main.o
 .debug_abbrev  0x0000087b      0x1ba ..\obj\stm32f10x_rcc.o
 .debug_abbrev  0x00000a35      0x151 ..\obj\stm32f10x_exti.o
 .debug_abbrev  0x00000b86      0x162 ..\obj\stm32f10x_usart.o
 .debug_abbrev  0x00000ce8      0x145 ..\obj\misc.o

.debug_aranges  0x00000000      0x4e8
 .debug_aranges
                0x00000000       0x38 ..\obj\USART1_Config.o
 .debug_aranges
                0x00000038       0x50 ..\obj\USART3_Config.o
 .debug_aranges
                0x00000088       0x38 ..\obj\system_stm32f10x.o
 .debug_aranges
                0x000000c0       0x28 ..\obj\startup_stm32f10x_md.o
 .debug_aranges
                0x000000e8       0xa8 ..\obj\stm32f10x_gpio.o
 .debug_aranges
                0x00000190       0xa8 ..\obj\main.o
 .debug_aranges
                0x00000238      0x118 ..\obj\stm32f10x_rcc.o
 .debug_aranges
                0x00000350       0x58 ..\obj\stm32f10x_exti.o
 .debug_aranges
                0x000003a8      0x100 ..\obj\stm32f10x_usart.o
 .debug_aranges
                0x000004a8       0x40 ..\obj\misc.o

.debug_ranges   0x00000000      0x448
 .debug_ranges  0x00000000       0x28 ..\obj\USART1_Config.o
 .debug_ranges  0x00000028       0x40 ..\obj\USART3_Config.o
 .debug_ranges  0x00000068       0x28 ..\obj\system_stm32f10x.o
 .debug_ranges  0x00000090       0x18 ..\obj\startup_stm32f10x_md.o
 .debug_ranges  0x000000a8       0x98 ..\obj\stm32f10x_gpio.o
 .debug_ranges  0x00000140       0x98 ..\obj\main.o
 .debug_ranges  0x000001d8      0x108 ..\obj\stm32f10x_rcc.o
 .debug_ranges  0x000002e0       0x48 ..\obj\stm32f10x_exti.o
 .debug_ranges  0x00000328       0xf0 ..\obj\stm32f10x_usart.o
 .debug_ranges  0x00000418       0x30 ..\obj\misc.o

.debug_line     0x00000000     0x273b
 .debug_line    0x00000000      0x340 ..\obj\USART1_Config.o
 .debug_line    0x00000340      0x3d8 ..\obj\USART3_Config.o
 .debug_line    0x00000718      0x283 ..\obj\system_stm32f10x.o
 .debug_line    0x0000099b       0xd8 ..\obj\startup_stm32f10x_md.o
 .debug_line    0x00000a73      0x4a9 ..\obj\stm32f10x_gpio.o
 .debug_line    0x00000f1c      0x60f ..\obj\main.o
 .debug_line    0x0000152b      0x5b6 ..\obj\stm32f10x_rcc.o
 .debug_line    0x00001ae1      0x397 ..\obj\stm32f10x_exti.o
 .debug_line    0x00001e78      0x58c ..\obj\stm32f10x_usart.o
 .debug_line    0x00002404      0x337 ..\obj\misc.o

.debug_str      0x00000000     0x1fdb
 .debug_str     0x00000000      0x750 ..\obj\USART1_Config.o
                                0x7ab (size before relaxing)
 .debug_str     0x00000750      0x149 ..\obj\USART3_Config.o
                                0x7fe (size before relaxing)
 .debug_str     0x00000899      0x1a8 ..\obj\system_stm32f10x.o
                                0x32d (size before relaxing)
 .debug_str     0x00000a41       0xe6 ..\obj\startup_stm32f10x_md.o
                                0x17d (size before relaxing)
 .debug_str     0x00000b27      0x2c0 ..\obj\stm32f10x_gpio.o
                                0x568 (size before relaxing)
 .debug_str     0x00000de7      0x6e9 ..\obj\main.o
                                0xd30 (size before relaxing)
 .debug_str     0x000014d0      0x42f ..\obj\stm32f10x_rcc.o
                                0x669 (size before relaxing)
 .debug_str     0x000018ff      0x14c ..\obj\stm32f10x_exti.o
                                0x398 (size before relaxing)
 .debug_str     0x00001a4b      0x3f0 ..\obj\stm32f10x_usart.o
                                0x6df (size before relaxing)
 .debug_str     0x00001e3b      0x1a0 ..\obj\misc.o
                                0x40d (size before relaxing)

.comment        0x00000000       0x70
 .comment       0x00000000       0x70 ..\obj\USART1_Config.o
                                 0x71 (size before relaxing)
 .comment       0x00000000       0x71 ..\obj\USART3_Config.o
 .comment       0x00000000       0x71 ..\obj\system_stm32f10x.o
 .comment       0x00000000       0x71 ..\obj\startup_stm32f10x_md.o
 .comment       0x00000000       0x71 ..\obj\stm32f10x_gpio.o
 .comment       0x00000000       0x71 ..\obj\main.o
 .comment       0x00000000       0x71 ..\obj\stm32f10x_rcc.o
 .comment       0x00000000       0x71 ..\obj\stm32f10x_exti.o
 .comment       0x00000000       0x71 ..\obj\stm32f10x_usart.o
 .comment       0x00000000       0x71 ..\obj\misc.o

.ARM.attributes
                0x00000000       0x31
 .ARM.attributes
                0x00000000       0x33 ..\obj\USART1_Config.o
 .ARM.attributes
                0x00000033       0x33 ..\obj\USART3_Config.o
 .ARM.attributes
                0x00000066       0x33 ..\obj\system_stm32f10x.o
 .ARM.attributes
                0x00000099       0x33 ..\obj\startup_stm32f10x_md.o
 .ARM.attributes
                0x000000cc       0x33 ..\obj\stm32f10x_gpio.o
 .ARM.attributes
                0x000000ff       0x33 ..\obj\main.o
 .ARM.attributes
                0x00000132       0x33 ..\obj\stm32f10x_rcc.o
 .ARM.attributes
                0x00000165       0x33 ..\obj\stm32f10x_exti.o
 .ARM.attributes
                0x00000198       0x33 ..\obj\stm32f10x_usart.o
 .ARM.attributes
                0x000001cb       0x33 ..\obj\misc.o
 .ARM.attributes
                0x000001fe       0x2d c:/program files (x86)/gnu tools arm embedded/4.9 2014q4/bin/../lib/gcc/arm-none-eabi/4.9.3/../../../../arm-none-eabi/lib/armv7-m\libg.a(lib_a-atoi.o)
 .ARM.attributes
                0x0000022b       0x2d c:/program files (x86)/gnu tools arm embedded/4.9 2014q4/bin/../lib/gcc/arm-none-eabi/4.9.3/../../../../arm-none-eabi/lib/armv7-m\libg.a(lib_a-strcpy.o)
 .ARM.attributes
                0x00000258       0x2d c:/program files (x86)/gnu tools arm embedded/4.9 2014q4/bin/../lib/gcc/arm-none-eabi/4.9.3/../../../../arm-none-eabi/lib/armv7-m\libg.a(lib_a-strlen.o)
 .ARM.attributes
                0x00000285       0x2d c:/program files (x86)/gnu tools arm embedded/4.9 2014q4/bin/../lib/gcc/arm-none-eabi/4.9.3/../../../../arm-none-eabi/lib/armv7-m\libg.a(lib_a-strncpy.o)
 .ARM.attributes
                0x000002b2       0x2d c:/program files (x86)/gnu tools arm embedded/4.9 2014q4/bin/../lib/gcc/arm-none-eabi/4.9.3/../../../../arm-none-eabi/lib/armv7-m\libg.a(lib_a-strtol.o)
 .ARM.attributes
                0x000002df       0x2d c:/program files (x86)/gnu tools arm embedded/4.9 2014q4/bin/../lib/gcc/arm-none-eabi/4.9.3/../../../../arm-none-eabi/lib/armv7-m\libg.a(lib_a-ctype_.o)
 .ARM.attributes
                0x0000030c       0x2d c:/program files (x86)/gnu tools arm embedded/4.9 2014q4/bin/../lib/gcc/arm-none-eabi/4.9.3/../../../../arm-none-eabi/lib/armv7-m\libg.a(lib_a-impure.o)

.debug_frame    0x00000000     0x1428
 .debug_frame   0x00000000       0x88 ..\obj\USART1_Config.o
 .debug_frame   0x00000088       0xf0 ..\obj\USART3_Config.o
 .debug_frame   0x00000178       0x98 ..\obj\system_stm32f10x.o
 .debug_frame   0x00000210       0x4c ..\obj\startup_stm32f10x_md.o
 .debug_frame   0x0000025c      0x2d0 ..\obj\stm32f10x_gpio.o
 .debug_frame   0x0000052c      0x260 ..\obj\main.o
 .debug_frame   0x0000078c      0x4f4 ..\obj\stm32f10x_rcc.o
 .debug_frame   0x00000c80      0x148 ..\obj\stm32f10x_exti.o
 .debug_frame   0x00000dc8      0x490 ..\obj\stm32f10x_usart.o
 .debug_frame   0x00001258       0xd8 ..\obj\misc.o
 .debug_frame   0x00001330       0x30 c:/program files (x86)/gnu tools arm embedded/4.9 2014q4/bin/../lib/gcc/arm-none-eabi/4.9.3/../../../../arm-none-eabi/lib/armv7-m\libg.a(lib_a-atoi.o)
 .debug_frame   0x00001360       0x20 c:/program files (x86)/gnu tools arm embedded/4.9 2014q4/bin/../lib/gcc/arm-none-eabi/4.9.3/../../../../arm-none-eabi/lib/armv7-m\libg.a(lib_a-strcpy.o)
 .debug_frame   0x00001380       0x20 c:/program files (x86)/gnu tools arm embedded/4.9 2014q4/bin/../lib/gcc/arm-none-eabi/4.9.3/../../../../arm-none-eabi/lib/armv7-m\libg.a(lib_a-strlen.o)
 .debug_frame   0x000013a0       0x34 c:/program files (x86)/gnu tools arm embedded/4.9 2014q4/bin/../lib/gcc/arm-none-eabi/4.9.3/../../../../arm-none-eabi/lib/armv7-m\libg.a(lib_a-strncpy.o)
 .debug_frame   0x000013d4       0x54 c:/program files (x86)/gnu tools arm embedded/4.9 2014q4/bin/../lib/gcc/arm-none-eabi/4.9.3/../../../../arm-none-eabi/lib/armv7-m\libg.a(lib_a-strtol.o)
